// Vitest Snapshot v1, https://vitest.dev/guide/snapshot.html

exports[`addClassesToSVGElement > invalid > Invalid #0: addClassesToSVGElement - add classes to SVG element 1`] = `
[
  {
    "column": 62,
    "endColumn": 1,
    "endLine": 3,
    "fix": {
      "range": [
        61,
        123,
      ],
      "text": " class="icon svg-icon"><rect x="10" y="10" width="80" height="80" fill="blue"/>",
    },
    "line": 1,
    "message": "Replace \`>⏎··<rect·x="10"·y="10"·width="80"·height="80"·fill="blue"·/>⏎\` with \`·class="icon·svg-icon"><rect·x="10"·y="10"·width="80"·height="80"·fill="blue"/>\`",
    "messageId": "replace",
    "ruleId": "addClassesToSVGElement",
    "severity": 2,
  },
]
`;
