// Vitest Snapshot v1, https://vitest.dev/guide/snapshot.html

exports[`convertEllipseToCircle > invalid > Invalid #0: convertEllipseToCircle default - convert ellipse with equal radii 1`] = `
[
  {
    "column": 63,
    "endColumn": 1,
    "endLine": 3,
    "fix": {
      "range": [
        62,
        121,
      ],
      "text": "<circle cx="50" cy="50" fill="blue" r="30"/>",
    },
    "line": 1,
    "message": "Replace \`⏎··<ellipse·cx="50"·cy="50"·rx="30"·ry="30"·fill="blue"·/>⏎\` with \`<circle·cx="50"·cy="50"·fill="blue"·r="30"/>\`",
    "messageId": "replace",
    "ruleId": "convertEllipseToCircle",
    "severity": 2,
  },
]
`;
