// Vitest Snapshot v1, https://vitest.dev/guide/snapshot.html

exports[`convertOneStopGradients > invalid > Invalid #0: convertOneStopGradients - convert single-stop gradient to fill 1`] = `
[
  {
    "column": 63,
    "endColumn": 1,
    "endLine": 8,
    "fix": {
      "range": [
        62,
        246,
      ],
      "text": "<rect x="10" y="10" width="80" height="80" fill="blue"/>",
    },
    "line": 1,
    "message": "Replace \`⏎··<defs>⏎····<linearGradient·id="grad">⏎······<stop·offset="0%"·stop-color="blue"·/>⏎····</linearGradient>⏎··</defs>⏎··<rect·x="10"·y="10"·width="80"·height="80"·fill="url(#grad)"·/>⏎\` with \`<rect·x="10"·y="10"·width="80"·height="80"·fill="blue"/>\`",
    "messageId": "replace",
    "ruleId": "convertOneStopGradients",
    "severity": 2,
  },
]
`;
