// Vitest Snapshot v1, https://vitest.dev/guide/snapshot.html

exports[`convertColors > invalid > Invalid #0: convertColors default - convert hex 1`] = `
[
  {
    "column": 63,
    "endColumn": 1,
    "endLine": 3,
    "fix": {
      "range": [
        62,
        126,
      ],
      "text": "<rect x="10" y="10" width="80" height="80" fill="red"/>",
    },
    "line": 1,
    "message": "Replace \`⏎··<rect·x="10"·y="10"·width="80"·height="80"·fill="#ff0000"·/>⏎\` with \`<rect·x="10"·y="10"·width="80"·height="80"·fill="red"/>\`",
    "messageId": "replace",
    "nodeType": null,
    "ruleId": "convertColors",
    "severity": 2,
  },
]
`;
