// Vitest Snapshot v1, https://vitest.dev/guide/snapshot.html

exports[`convertTransform > invalid > Invalid #0: convertTransform default - optimize transform 1`] = `
[
  {
    "column": 63,
    "endColumn": 1,
    "endLine": 3,
    "fix": {
      "range": [
        62,
        150,
      ],
      "text": "<rect x="10" y="10" width="80" height="80" fill="blue"/>",
    },
    "line": 1,
    "message": "Replace \`⏎··<rect·x="10"·y="10"·width="80"·height="80"·fill="blue"·transform="translate(0,0)"·/>⏎\` with \`<rect·x="10"·y="10"·width="80"·height="80"·fill="blue"/>\`",
    "messageId": "replace",
    "ruleId": "convertTransform",
    "severity": 2,
  },
]
`;
