// Vitest Snapshot v1, https://vitest.dev/guide/snapshot.html

exports[`removeUnusedNS > invalid > Invalid #0: removeUnusedNS - remove unused namespace declarations 1`] = `
[
  {
    "column": 41,
    "endColumn": 1,
    "endLine": 3,
    "fix": {
      "range": [
        40,
        166,
      ],
      "text": "viewBox="0 0 100 100"><rect x="10" y="10" width="80" height="80" fill="blue"/>",
    },
    "line": 1,
    "message": "Replace \`xmlns:xlink="http://www.w3.org/1999/xlink"·viewBox="0·0·100·100">⏎··<rect·x="10"·y="10"·width="80"·height="80"·fill="blue"·/>⏎\` with \`viewBox="0·0·100·100"><rect·x="10"·y="10"·width="80"·height="80"·fill="blue"/>\`",
    "messageId": "replace",
    "ruleId": "removeUnusedNS",
    "severity": 2,
  },
]
`;
