// Vitest Snapshot v1, https://vitest.dev/guide/snapshot.html

exports[`removeHiddenElems > invalid > Invalid #0: removeHiddenElems default - remove hidden elements 1`] = `
[
  {
    "column": 62,
    "endColumn": 7,
    "endLine": 4,
    "fix": {
      "range": [
        61,
        179,
      ],
      "text": "/>",
    },
    "line": 1,
    "message": "Replace \`>⏎··<rect·x="10"·y="10"·width="0"·height="80"·fill="blue"·/>⏎··<circle·cx="50"·cy="50"·r="30"·display="none"·/>⏎</svg>\` with \`/>\`",
    "messageId": "replace",
    "ruleId": "removeHiddenElems",
    "severity": 2,
  },
]
`;
