// Vitest Snapshot v1, https://vitest.dev/guide/snapshot.html

exports[`removeUnknownsAndDefaults > invalid > Invalid #0: removeUnknownsAndDefaults - remove unknown elements and default attributes 1`] = `
[
  {
    "column": 63,
    "endColumn": 1,
    "endLine": 4,
    "fix": {
      "range": [
        62,
        144,
      ],
      "text": "<rect x="10" y="10" width="80" height="80" fill="blue"/>",
    },
    "line": 1,
    "message": "Replace \`⏎··<rect·x="10"·y="10"·width="80"·height="80"·fill="blue"·/>⏎··<unknownElement·/>⏎\` with \`<rect·x="10"·y="10"·width="80"·height="80"·fill="blue"/>\`",
    "messageId": "replace",
    "ruleId": "removeUnknownsAndDefaults",
    "severity": 2,
  },
]
`;
