// Vitest Snapshot v1, https://vitest.dev/guide/snapshot.html

exports[`removeAttributesBySelector > invalid > Invalid #0: removeAttributesBySelector - remove attributes by CSS selector 1`] = `
[
  {
    "column": 63,
    "endColumn": 1,
    "endLine": 4,
    "fix": {
      "range": [
        62,
        182,
      ],
      "text": "<rect x="10" y="10" width="30" height="30"/><rect x="50" y="50" width="30" height="30" fill="blue"/>",
    },
    "line": 1,
    "message": "Replace \`⏎··<rect·x="10"·y="10"·width="30"·height="30"·fill="red"·/>⏎··<rect·x="50"·y="50"·width="30"·height="30"·fill="blue"·/>⏎\` with \`<rect·x="10"·y="10"·width="30"·height="30"/><rect·x="50"·y="50"·width="30"·height="30"·fill="blue"/>\`",
    "messageId": "replace",
    "ruleId": "removeAttributesBySelector",
    "severity": 2,
  },
]
`;
