// Vitest Snapshot v1, https://vitest.dev/guide/snapshot.html

exports[`removeTitle > invalid > Invalid #0: removeTitle default - remove title elements 1`] = `
[
  {
    "column": 63,
    "endColumn": 1,
    "endLine": 4,
    "fix": {
      "range": [
        62,
        152,
      ],
      "text": "<rect x="10" y="10" width="80" height="80" fill="blue"/>",
    },
    "line": 1,
    "message": "Replace \`⏎··<title>My·SVG·Icon</title>⏎··<rect·x="10"·y="10"·width="80"·height="80"·fill="blue"·/>⏎\` with \`<rect·x="10"·y="10"·width="80"·height="80"·fill="blue"/>\`",
    "messageId": "replace",
    "nodeType": null,
    "ruleId": "removeTitle",
    "severity": 2,
  },
]
`;
