// Vitest Snapshot v1, https://vitest.dev/guide/snapshot.html

exports[`removeScripts > invalid > Invalid #0: removeScripts - remove script elements 1`] = `
[
  {
    "column": 63,
    "endColumn": 1,
    "endLine": 4,
    "fix": {
      "range": [
        62,
        158,
      ],
      "text": "<rect x="10" y="10" width="80" height="80" fill="blue"/>",
    },
    "line": 1,
    "message": "Replace \`⏎··<script>alert('Hello');</script>⏎··<rect·x="10"·y="10"·width="80"·height="80"·fill="blue"·/>⏎\` with \`<rect·x="10"·y="10"·width="80"·height="80"·fill="blue"/>\`",
    "messageId": "replace",
    "ruleId": "removeScripts",
    "severity": 2,
  },
]
`;
