// Vitest Snapshot v1, https://vitest.dev/guide/snapshot.html

exports[`removeEmptyText > invalid > Invalid #0: removeEmptyText default - remove empty text elements 1`] = `
[
  {
    "column": 63,
    "endColumn": 1,
    "endLine": 4,
    "fix": {
      "range": [
        62,
        128,
      ],
      "text": "<text x="30" y="40">Hello</text>",
    },
    "line": 1,
    "message": "Replace \`⏎··<text·x="10"·y="20"></text>⏎··<text·x="30"·y="40">Hello</text>⏎\` with \`<text·x="30"·y="40">Hello</text>\`",
    "messageId": "replace",
    "ruleId": "removeEmptyText",
    "severity": 2,
  },
]
`;
