// Vitest Snapshot v1, https://vitest.dev/guide/snapshot.html

exports[`removeEmptyContainers > invalid > Invalid #0: removeEmptyContainers default - remove empty groups 1`] = `
[
  {
    "column": 63,
    "endColumn": 1,
    "endLine": 4,
    "fix": {
      "range": [
        62,
        133,
      ],
      "text": "<rect x="10" y="10" width="80" height="80" fill="blue"/>",
    },
    "line": 1,
    "message": "Replace \`⏎··<g></g>⏎··<rect·x="10"·y="10"·width="80"·height="80"·fill="blue"·/>⏎\` with \`<rect·x="10"·y="10"·width="80"·height="80"·fill="blue"/>\`",
    "messageId": "replace",
    "ruleId": "removeEmptyContainers",
    "severity": 2,
  },
]
`;
