// Vitest Snapshot v1, https://vitest.dev/guide/snapshot.html

exports[`removeOffCanvasPaths > invalid > Invalid #0: removeOffCanvasPaths - remove paths outside viewBox 1`] = `
[
  {
    "column": 63,
    "endColumn": 1,
    "endLine": 4,
    "fix": {
      "range": [
        62,
        154,
      ],
      "text": "<path d="M10 10h80v80h-80z" fill="blue"/>",
    },
    "line": 1,
    "message": "Replace \`⏎··<path·d="M10·10h80v80h-80z"·fill="blue"·/>⏎··<path·d="M200·200h80v80h-80z"·fill="red"·/>⏎\` with \`<path·d="M10·10h80v80h-80z"·fill="blue"/>\`",
    "messageId": "replace",
    "nodeType": null,
    "ruleId": "removeOffCanvasPaths",
    "severity": 2,
  },
]
`;
