// Vitest Snapshot v1, https://vitest.dev/guide/snapshot.html

exports[`removeDesc > invalid > Invalid #0: removeDesc default - remove desc elements 1`] = `
[
  {
    "column": 63,
    "endColumn": 1,
    "endLine": 4,
    "fix": {
      "range": [
        62,
        160,
      ],
      "text": "<desc>This is a description</desc><rect x="10" y="10" width="80" height="80" fill="blue"/>",
    },
    "line": 1,
    "message": "Replace \`⏎··<desc>This·is·a·description</desc>⏎··<rect·x="10"·y="10"·width="80"·height="80"·fill="blue"·/>⏎\` with \`<desc>This·is·a·description</desc><rect·x="10"·y="10"·width="80"·height="80"·fill="blue"/>\`",
    "messageId": "replace",
    "ruleId": "removeDesc",
    "severity": 2,
  },
]
`;
