// Vitest Snapshot v1, https://vitest.dev/guide/snapshot.html

exports[`should lint work > cleanup-ids.svg 1`] = `
[
  {
    "column": 1,
    "endColumn": 1,
    "endLine": 12,
    "fix": {
      "range": [
        0,
        374,
      ],
      "text": "<svg xmlns="http://www.w3.org/2000/svg" width="150" viewBox="0 0 150 100"><defs><circle id="a" cx="50" cy="50" r="50" fill="#000"/></defs><use href="#a" transform="skewX(16)"/></svg>",
    },
    "line": 1,
    "message": "Replace \`<?xml·version="1.0"·encoding="UTF-8"?>⏎<svg·xmlns="http://www.w3.org/2000/svg"·viewBox="·0·0··150·100·"·width="150">⏎··<!--·Created·with·love!·-->⏎··<defs>⏎····<ellipse·cx="50"·cy="50.0"·rx="50.00"·ry="auto"·fill="black"·id="circle"/>⏎··</defs>⏎··<g>⏎····<use·href="#circle"·transform="skewX(16)"/>⏎····<rect·id="useless"·width="0"·height="0"·fill="#ff0000"/>⏎··</g>⏎</svg>⏎\` with \`<svg·xmlns="http://www.w3.org/2000/svg"·width="150"·viewBox="0·0·150·100"><defs><circle·id="a"·cx="50"·cy="50"·r="50"·fill="#000"/></defs><use·href="#a"·transform="skewX(16)"/></svg>\`",
    "messageId": "replace",
    "nodeType": null,
    "ruleId": "svgo/svgo",
    "severity": 2,
  },
]
`;

exports[`should lint work > invalid.svg 1`] = `
[
  {
    "column": 1,
    "endColumn": 1,
    "endLine": 2,
    "line": 2,
    "message": "SvgoParserError: Unclosed root tag",
    "nodeType": null,
    "ruleId": "svgo/svgo",
    "severity": 2,
  },
]
`;
